Log-file of program ./dymosim
(generated: Tue Aug 18 10:56:16 2026)

dymosim started
... "VDCWorkbenchModels.Examples.VDCWorkbenches.MiniAFMStanleyRearAxleTD_Racetrack" simulating
... "dsin.txt" loading (dymosim input file)
... loading "path" from "~/VDCWorkbenchModels/Resources/Maps/RacetrackMini.mat"
... "MiniAFMStanleyRearAxleTD_Racetrack.mat" creating (simulation result file)

Integration started at T = 0 using integration method DASSL
(DAE multi-step solver (dassl/dasslrt of Petzold modified by Dassault Systemes))

Integration terminated successfully at T = 9.5
   CPU-time for integration                : 0.166 seconds
   CPU-time for one grid interval          : 0.0332 milliseconds
   CPU-time for initialization             : 0.002 seconds
   Number of result points                 : 5375
   Number of grid points                   : 5001
   Number of accepted steps                : 14985
   Number of f-evaluations (dynamics)      : 28255
   Number of crossing function evaluations : 20191
   Number of Jacobian-evaluations          : 3520
   Number of model time events             : 190
   Number of input time events             : 0
   Number of state events                  : 2
   Number of step events                   : 0
   Minimum integration stepsize            : 2.83e-11
   Maximum integration stepsize            : 0.0133
   Maximum integration order               : 5
Calling terminal section
... "dsfinal.txt" creating (final states)

SUCCESSFUL simulation of VDCWorkbenchModels.Examples.VDCWorkbenches.MiniAFMStanleyRearAxleTD_Racetrack
