Log-file of program ./dymosim
(generated: Tue Aug 18 10:56:20 2026)

dymosim started
... "VDCWorkbenchModels.Examples.VDCWorkbenches.Techlab2TrainStationWessling_MVCLateral" simulating
... "dsin.txt" loading (dymosim input file)
... loading "path" from "~/VDCWorkbenchModels/Resources/Maps/Techlab2SBahn-NonOpt.mat"
... "Techlab2TrainStationWessling_MVCLateral.mat" creating (simulation result file)

Integration started at T = 0 using integration method DASSL
(DAE multi-step solver (dassl/dasslrt of Petzold modified by Dassault Systemes))

Integration terminated successfully at T = 136
   CPU-time for integration                : 4.06 seconds
   CPU-time for one grid interval          : 0.149 milliseconds
   CPU-time for initialization             : 0.035 seconds
   Number of result points                 : 37350
   Number of grid points                   : 27201
   Number of accepted steps                : 111356
   Number of f-evaluations (dynamics)      : 183052
   Number of crossing function evaluations : 144238
   Number of Jacobian-evaluations          : 61550
   Number of model time events             : 4974
   Number of input time events             : 0
   Number of state events                  : 100
   Number of step events                   : 0
   Minimum integration stepsize            : 4.81e-10
   Maximum integration stepsize            : 0.119
   Maximum integration order               : 5
Calling terminal section
... "dsfinal.txt" creating (final states)

SUCCESSFUL simulation of VDCWorkbenchModels.Examples.VDCWorkbenches.Techlab2TrainStationWessling_MVCLateral
