Log-file of program ./dymosim
(generated: Tue Aug 18 10:55:46 2026)

dymosim started
... "VDCWorkbenchModels.Examples.VDCWorkbenches.MiniAFMGeoPFC_Racetrack" simulating
... "dsin.txt" loading (dymosim input file)
... loading "path" from "~/VDCWorkbenchModels/Resources/Maps/RacetrackMini.mat"
... "MiniAFMGeoPFC_Racetrack.mat" creating (simulation result file)

Integration started at T = 0 using integration method DASSL
(DAE multi-step solver (dassl/dasslrt of Petzold modified by Dassault Systemes))

Integration terminated successfully at T = 9.5
   CPU-time for integration                : 0.59 seconds
   CPU-time for one grid interval          : 0.118 milliseconds
   CPU-time for initialization             : 0.039 seconds
   Number of result points                 : 5002
   Number of grid points                   : 5001
   Number of accepted steps                : 56955
   Number of f-evaluations (dynamics)      : 132686
   Number of crossing function evaluations : 61955
   Number of Jacobian-evaluations          : 17423
   Number of model time events             : 0
   Number of input time events             : 0
   Number of state events                  : 0
   Number of step events                   : 0
   Minimum integration stepsize            : 1.4e-08
   Maximum integration stepsize            : 0.0193
   Maximum integration order               : 5
Calling terminal section
... "dsfinal.txt" creating (final states)

SUCCESSFUL simulation of VDCWorkbenchModels.Examples.VDCWorkbenches.MiniAFMGeoPFC_Racetrack
