Log-file of program ./dymosim
(generated: Tue Aug 18 10:56:39 2026)

dymosim started
... "VDCWorkbenchModels.Examples.VehicleDrivetrains.MiniAFMAccelerateSinusoidalSteering" simulating
... "dsin.txt" loading (dymosim input file)
... "MiniAFMAccelerateSinusoidalSteering.mat" creating (simulation result file)

Integration started at T = 0 using integration method DASSL
(DAE multi-step solver (dassl/dasslrt of Petzold modified by Dassault Systemes))

Integration terminated successfully at T = 9.5
   CPU-time for integration                : 0.034 seconds
   CPU-time for one grid interval          : 0.0068 milliseconds
   CPU-time for initialization             : 0.001 seconds
   Number of result points                 : 5002
   Number of grid points                   : 5001
   Number of accepted steps                : 262
   Number of f-evaluations (dynamics)      : 582
   Number of Jacobian-evaluations          : 28
   Number of model time events             : 0
   Number of input time events             : 0
   Number of state events                  : 0
   Number of step events                   : 0
   Minimum integration stepsize            : 2.62e-08
   Maximum integration stepsize            : 0.0582
   Maximum integration order               : 5
Calling terminal section
... "dsfinal.txt" creating (final states)

SUCCESSFUL simulation of VDCWorkbenchModels.Examples.VehicleDrivetrains.MiniAFMAccelerateSinusoidalSteering
