Log-file of program ./dymosim
(generated: Tue Aug 18 10:57:03 2026)

dymosim started
... "VDCWorkbenchModels.Examples.VehicleDrivetrains.VariantsVehicleDrivetrains.ROMOMechanical" simulating
... "dsin.txt" loading (dymosim input file)
... "ROMOMechanical.mat" creating (simulation result file)

Integration started at T = 0 using integration method DASSL
(DAE multi-step solver (dassl/dasslrt of Petzold modified by Dassault Systemes))

Integration terminated successfully at T = 20
   CPU-time for integration                : 0.005 seconds
   CPU-time for one grid interval          : 0.0125 milliseconds
   CPU-time for initialization             : 0 seconds
   Number of result points                 : 405
   Number of grid points                   : 401
   Number of accepted steps                : 190
   Number of f-evaluations (dynamics)      : 372
   Number of Jacobian-evaluations          : 69
   Number of model time events             : 3
   Number of input time events             : 0
   Number of state events                  : 0
   Number of step events                   : 0
   Minimum integration stepsize            : 1.51e-06
   Maximum integration stepsize            : 1.06
   Maximum integration order               : 4
Calling terminal section
... "dsfinal.txt" creating (final states)

SUCCESSFUL simulation of VDCWorkbenchModels.Examples.VehicleDrivetrains.VariantsVehicleDrivetrains.ROMOMechanical
