Log-file of program ./dymosim
(generated: Tue Aug 18 10:55:55 2026)

dymosim started
... "VDCWorkbenchModels.Examples.VDCWorkbenches.MiniAFMStanley_Racetrack" simulating
... "dsin.txt" loading (dymosim input file)
... loading "path" from "~/VDCWorkbenchModels/Resources/Maps/RacetrackMini.mat"
... "MiniAFMStanley_Racetrack.mat" creating (simulation result file)

Integration started at T = 0 using integration method DASSL
(DAE multi-step solver (dassl/dasslrt of Petzold modified by Dassault Systemes))

Integration terminated successfully at T = 9.5
   CPU-time for integration                : 0.407 seconds
   CPU-time for one grid interval          : 0.0814 milliseconds
   CPU-time for initialization             : 0.002 seconds
   Number of result points                 : 5002
   Number of grid points                   : 5001
   Number of accepted steps                : 45204
   Number of f-evaluations (dynamics)      : 104822
   Number of crossing function evaluations : 50204
   Number of Jacobian-evaluations          : 9585
   Number of model time events             : 0
   Number of input time events             : 0
   Number of state events                  : 0
   Number of step events                   : 0
   Minimum integration stepsize            : 1.39e-08
   Maximum integration stepsize            : 0.0314
   Maximum integration order               : 5
Calling terminal section
... "dsfinal.txt" creating (final states)

SUCCESSFUL simulation of VDCWorkbenchModels.Examples.VDCWorkbenches.MiniAFMStanley_Racetrack
